Logging set to errors, basics prints and cycles prints...
Loading config.ini file...
Loaded config.ini file.
OBS app path set on default (C:\Program Files\obs-studio\bin\64bit)
OBS output path set on default (user videos folder)
Motec path set on default (C:/MoTeC/Videos)

---Config settings---
OBS pwd: AkE5MGKgeBRAF3ti
OBS port: 4455
OBS app path: C:\Program Files\obs-studio\bin\64bit
OBS output path: C:\Users\pocitac\Videos
Motec path: C:/MoTeC/Videos
Script loop delay: 0.07

Starting OBS...
OBS is open.

Connecting to OBS...
Connected to OBS.

Checking if OBS is ready...
OBS isn´t ready...
Waiting to OBS...
OBS is ready to use.


Event def: Time: 0, Last time: None, Curr game status: 0, Last game status: None

Game is not running...
B: False, Bs: 0
Event def: Time: 0, Last time: None, Curr game status: 0, Last game status: 0

B: False, Bs: -1
Event def: Time: 0, Last time: None, Curr game status: 0, Last game status: 0

B: False, Bs: -2
Event def: Time: 0, Last time: None, Curr game status: 0, Last game status: 0

B: False, Bs: -3
Event def: Time: 0, Last time: None, Curr game status: 0, Last game status: 0

B: False, Bs: -4
Event def: Time: 0, Last time: None, Curr game status: 0, Last game status: 0

B: False, Bs: -5
Event def: Time: 0, Last time: None, Curr game status: 0, Last game status: 0

B: False, Bs: -6
Event def: Time: 0, Last time: None, Curr game status: 0, Last game status: 0

B: False, Bs: -7
Event def: Time: 0, Last time: None, Curr game status: 0, Last game status: 0

B: False, Bs: -8
Event def: Time: 0, Last time: None, Curr game status: 0, Last game status: 0

B: False, Bs: -9
Event def: Time: 0, Last time: None, Curr game status: 0, Last game status: 0

B: False, Bs: -10
Event def: Time: 0, Last time: None, Curr game status: 0, Last game status: 0

