Logging set to errors and basics prints...
Loading config.ini file...
Loaded config.ini file.
OBS app path set on default (C:\Program Files\obs-studio\bin\64bit)
Motec path set on default (C:/MoTeC/Videos)
Invalid logging in config: 2. Logging set on default (2)

---Config settings---
OBS pwd: AkE5MGKgeBRAF3ti
OBS port: 4455
OBS app path: C:\Program Files\obs-studio\bin\64bit
OBS output path: D:\Dokumenty D\Videa D\OBS
Motec path: C:/MoTeC/Videos
Script loop delay: 0.07Logging: 2

OBS is open.

Connecting to OBS...
Connected to OBS.

Checking if OBS is ready...
OBS is ready to use.


Game is not running...
Error in run...

Expecting value: line 1 column 1 (char 0)
