Logging set to errors and basics prints...
Loading config.ini file...
Loaded config.ini file.
OBS app path set on default (C:\Program Files\obs-studio\bin\64bit)
Motec path set on default (C:/MoTeC/Videos)

---Config settings---
OBS pwd: AkE5MGKgeBRAF3ti
OBS port: 4455
OBS app path: C:\Program Files\obs-studio\bin\64bit
OBS output path: D:\OBS
Motec path: C:/MoTeC/Videos
Script loop delay: 0.07

Starting OBS...
OBS is open.

Connecting to OBS...
Connected to OBS.

Checking if OBS is ready...
OBS isn´t ready...
Waiting to OBS...
OBS is ready to use.


Game is running...
Starting recording...
Recording started.
Recording var does not match real OBS status...
Recording: True, OBS status: False
Atempt: 0
Trying to start recording...
Starting recording...
Recording started.
Recording var does not match real OBS status...
Recording: True, OBS status: False
Atempt: 1
Trying to start recording...
Starting recording...
Recording started.
Recording var does not match real OBS status...
Recording: True, OBS status: False
Atempt: 2
Trying to start recording...
Starting recording...
Recording started.
Game is pause...
Game is pause. Pausing recording...
Pausing record...
Record pause...
Game is running...
Unpausing record...
Record running...
Game is pause...
Game is pause. Pausing recording...
Pausing record...
Record pause...
Game is running...
Unpausing record...
Record running...
Game is pause...
Game is pause. Pausing recording...
Pausing record...
Record pause...
Game is running...
Unpausing record...
Record running...
Game is not running...
Game is not running...
Recording stoped. Renaming file.
Fname - 2026-05-11_21-54-09.mp4
File name is saved.
Fname do not exist.
Waiting to file...
Fname do not exist.
Waited 10s
D:\OBS/2026-05-11_21-54-09.mp4
['2026-05-11_21-54-08.mp4', 'Spa-ferrari_296_gt3-35791.23.647-2026-05-09_23-03-55.mp4']


Getting last file in folder...
Get last video...
Spa-ferrari_296_gt3-35791.23.647-2026-05-09_23-03-55.mp4
