Logging set to errors, basics prints and cycles prints...
Loading config.ini file...
Loaded config.ini file.
OBS app path set on default (C:\Program Files\obs-studio\bin\64bit)
OBS output path set on default (user videos folder)
Motec path set on default (C:/MoTeC/Videos)

---Config settings---
OBS pwd: AkE5MGKgeBRAF3ti
OBS port: 4455
OBS app path: C:\Program Files\obs-studio\bin\64bit
OBS output path: C:\Users\pocitac\Videos
Motec path: C:/MoTeC/Videos
Script loop delay: 0.07

OBS is open.

Connecting to OBS...
Connected to OBS.

Checking if OBS is ready...
OBS is ready to use.


Event def: Time: 14973, Last time: None, Curr game status: 2, Last game status: None

Game is running...
B: True, Bs: 0
Event def: Time: 15056, Last time: 14973, Curr game status: 2, Last game status: 2

B: True, Bs: 1
Starting recording...
Recording started.
Recording var does not match real OBS status...
Recording: True, OBS status: False
Atempt: 0
Trying to start recording...
Starting recording...
Recording started.
Recording var does not match real OBS status...
Recording: True, OBS status: False
Atempt: 1
Trying to start recording...
Starting recording...
Recording started.
Event def: Time: 15246, Last time: 15056, Curr game status: 2, Last game status: 2

B: True, Bs: 2
Event def: Time: 15318, Last time: 15246, Curr game status: 2, Last game status: 2

B: True, Bs: 3
Event def: Time: 15393, Last time: 15318, Curr game status: 2, Last game status: 2

B: True, Bs: 4
Event def: Time: 15476, Last time: 15393, Curr game status: 2, Last game status: 2

B: True, Bs: 5
Event def: Time: 15541, Last time: 15476, Curr game status: 2, Last game status: 2

B: True, Bs: 6
Event def: Time: 15621, Last time: 15541, Curr game status: 2, Last game status: 2

B: True, Bs: 7
Event def: Time: 15698, Last time: 15621, Curr game status: 2, Last game status: 2

B: True, Bs: 8
Event def: Time: 15763, Last time: 15698, Curr game status: 2, Last game status: 2

B: True, Bs: 9
Event def: Time: 15841, Last time: 15763, Curr game status: 2, Last game status: 2

B: True, Bs: 10
Event def: Time: 15903, Last time: 15841, Curr game status: 2, Last game status: 2

B: True, Bs: 11
Event def: Time: 15981, Last time: 15903, Curr game status: 2, Last game status: 2

B: True, Bs: 12
Event def: Time: 16061, Last time: 15981, Curr game status: 2, Last game status: 2

B: True, Bs: 13
Event def: Time: 16126, Last time: 16061, Curr game status: 2, Last game status: 2

B: True, Bs: 14
Event def: Time: 16203, Last time: 16126, Curr game status: 2, Last game status: 2

B: True, Bs: 15
Event def: Time: 16281, Last time: 16203, Curr game status: 2, Last game status: 2

B: True, Bs: 16
Event def: Time: 16348, Last time: 16281, Curr game status: 2, Last game status: 2

B: True, Bs: 17
Event def: Time: 16423, Last time: 16348, Curr game status: 2, Last game status: 2

B: True, Bs: 18
Event def: Time: 16491, Last time: 16423, Curr game status: 2, Last game status: 2

B: True, Bs: 19
Event def: Time: 16568, Last time: 16491, Curr game status: 2, Last game status: 2

B: True, Bs: 20
Event def: Time: 16646, Last time: 16568, Curr game status: 2, Last game status: 2

B: True, Bs: 21
Event def: Time: 16713, Last time: 16646, Curr game status: 2, Last game status: 2

B: True, Bs: 22
Event def: Time: 16781, Last time: 16713, Curr game status: 2, Last game status: 2

B: True, Bs: 23
Event def: Time: 16863, Last time: 16781, Curr game status: 2, Last game status: 2

B: True, Bs: 24
Event def: Time: 16931, Last time: 16863, Curr game status: 2, Last game status: 2

B: True, Bs: 25
Event def: Time: 17001, Last time: 16931, Curr game status: 2, Last game status: 2

B: True, Bs: 26
Event def: Time: 17073, Last time: 17001, Curr game status: 2, Last game status: 2

B: True, Bs: 27
Event def: Time: 17151, Last time: 17073, Curr game status: 2, Last game status: 2

B: True, Bs: 28
Event def: Time: 17221, Last time: 17151, Curr game status: 2, Last game status: 2

B: True, Bs: 29
Event def: Time: 17303, Last time: 17221, Curr game status: 2, Last game status: 2

B: True, Bs: 30
Event def: Time: 17376, Last time: 17303, Curr game status: 2, Last game status: 2

B: True, Bs: 31
Event def: Time: 17441, Last time: 17376, Curr game status: 2, Last game status: 2

B: True, Bs: 32
Event def: Time: 17471, Last time: 17441, Curr game status: 2, Last game status: 2

B: True, Bs: 33
Event def: Time: 17471, Last time: 17471, Curr game status: 2, Last game status: 2

B: False, Bs: 34
Event def: Time: 17661, Last time: 17471, Curr game status: 2, Last game status: 2

B: True, Bs: -1
Event def: Time: 17733, Last time: 17661, Curr game status: 2, Last game status: 2

B: True, Bs: 1
Event def: Time: 17808, Last time: 17733, Curr game status: 2, Last game status: 2

B: True, Bs: 2
Event def: Time: 17881, Last time: 17808, Curr game status: 2, Last game status: 2

B: True, Bs: 3
Event def: Time: 17953, Last time: 17881, Curr game status: 2, Last game status: 2

B: True, Bs: 4
Event def: Time: 18026, Last time: 17953, Curr game status: 2, Last game status: 2

B: True, Bs: 5
Event def: Time: 18101, Last time: 18026, Curr game status: 2, Last game status: 2

B: True, Bs: 6
Event def: Time: 18171, Last time: 18101, Curr game status: 2, Last game status: 2

B: True, Bs: 7
Event def: Time: 18243, Last time: 18171, Curr game status: 2, Last game status: 2

B: True, Bs: 8
Event def: Time: 18328, Last time: 18243, Curr game status: 2, Last game status: 2

B: True, Bs: 9
Event def: Time: 18401, Last time: 18328, Curr game status: 2, Last game status: 2

B: True, Bs: 10
Event def: Time: 18476, Last time: 18401, Curr game status: 2, Last game status: 2

B: True, Bs: 11
Event def: Time: 18548, Last time: 18476, Curr game status: 2, Last game status: 2

B: True, Bs: 12
Event def: Time: 18621, Last time: 18548, Curr game status: 2, Last game status: 2

B: True, Bs: 13
Event def: Time: 18696, Last time: 18621, Curr game status: 2, Last game status: 2

B: True, Bs: 14
Event def: Time: 18758, Last time: 18696, Curr game status: 2, Last game status: 2

B: True, Bs: 15
Event def: Time: 18831, Last time: 18758, Curr game status: 2, Last game status: 2

B: True, Bs: 16
Event def: Time: 18906, Last time: 18831, Curr game status: 2, Last game status: 2

B: True, Bs: 17
Event def: Time: 18978, Last time: 18906, Curr game status: 2, Last game status: 2

B: True, Bs: 18
Event def: Time: 19053, Last time: 18978, Curr game status: 2, Last game status: 2

B: True, Bs: 19
Event def: Time: 19126, Last time: 19053, Curr game status: 2, Last game status: 2

B: True, Bs: 20
Event def: Time: 19201, Last time: 19126, Curr game status: 2, Last game status: 2

B: True, Bs: 21
Event def: Time: 19273, Last time: 19201, Curr game status: 2, Last game status: 2

B: True, Bs: 22
Event def: Time: 19346, Last time: 19273, Curr game status: 2, Last game status: 2

B: True, Bs: 23
Event def: Time: 19418, Last time: 19346, Curr game status: 2, Last game status: 2

B: True, Bs: 24
Event def: Time: 19491, Last time: 19418, Curr game status: 2, Last game status: 2

B: True, Bs: 25
Event def: Time: 19566, Last time: 19491, Curr game status: 2, Last game status: 2

B: True, Bs: 26
Event def: Time: 19638, Last time: 19566, Curr game status: 2, Last game status: 2

B: True, Bs: 27
Event def: Time: 19711, Last time: 19638, Curr game status: 2, Last game status: 2

B: True, Bs: 28
Event def: Time: 19786, Last time: 19711, Curr game status: 2, Last game status: 2

B: True, Bs: 29
Event def: Time: 19858, Last time: 19786, Curr game status: 2, Last game status: 2

B: True, Bs: 30
Event def: Time: 19931, Last time: 19858, Curr game status: 2, Last game status: 2

B: True, Bs: 31
Event def: Time: 20006, Last time: 19931, Curr game status: 2, Last game status: 2

B: True, Bs: 32
Event def: Time: 20076, Last time: 20006, Curr game status: 2, Last game status: 2

B: True, Bs: 33
Event def: Time: 20148, Last time: 20076, Curr game status: 2, Last game status: 2

B: True, Bs: 34
Event def: Time: 20211, Last time: 20148, Curr game status: 3, Last game status: 2

Game is pause...
B: False, Bs: 35
Event def: Time: 20211, Last time: None, Curr game status: 3, Last game status: 3

B: False, Bs: -1
Event def: Time: 20211, Last time: None, Curr game status: 3, Last game status: 3

B: False, Bs: -2
Game is pause. Pausing recording...
Pausing record...
Record pause...
Event def: Time: 20211, Last time: None, Curr game status: 3, Last game status: 3

B: False, Bs: -3
Event def: Time: 20211, Last time: None, Curr game status: 3, Last game status: 3

B: False, Bs: -4
Event def: Time: 20211, Last time: None, Curr game status: 3, Last game status: 3

B: False, Bs: -5
Event def: Time: 20211, Last time: None, Curr game status: 3, Last game status: 3

B: False, Bs: -6
Event def: Time: 20211, Last time: None, Curr game status: 3, Last game status: 3

B: False, Bs: -7
Event def: Time: 20211, Last time: None, Curr game status: 3, Last game status: 3

B: False, Bs: -8
Event def: Time: 20211, Last time: None, Curr game status: 3, Last game status: 3

B: False, Bs: -9
Event def: Time: 20211, Last time: None, Curr game status: 3, Last game status: 3

B: False, Bs: -10
Event def: Time: 20211, Last time: None, Curr game status: 3, Last game status: 3

B: False, Bs: -11
Event def: Time: 20211, Last time: None, Curr game status: 3, Last game status: 3

B: False, Bs: -12
Event def: Time: 20211, Last time: None, Curr game status: 3, Last game status: 3

B: False, Bs: -13
Event def: Time: 20211, Last time: None, Curr game status: 3, Last game status: 3

B: False, Bs: -14
Event def: Time: 20211, Last time: None, Curr game status: 3, Last game status: 3

B: False, Bs: -15
Event def: Time: 20211, Last time: None, Curr game status: 3, Last game status: 3

B: False, Bs: -16
Event def: Time: 20211, Last time: None, Curr game status: 3, Last game status: 3

B: False, Bs: -17
Event def: Time: 20211, Last time: None, Curr game status: 3, Last game status: 3

B: False, Bs: -18
Event def: Time: 20211, Last time: None, Curr game status: 3, Last game status: 3

B: False, Bs: -19
Event def: Time: 20211, Last time: None, Curr game status: 3, Last game status: 3

B: False, Bs: -20
Event def: Time: 20211, Last time: None, Curr game status: 3, Last game status: 3

B: False, Bs: -21
Event def: Time: 20211, Last time: None, Curr game status: 3, Last game status: 3

B: False, Bs: -22
Event def: Time: 20211, Last time: None, Curr game status: 3, Last game status: 3

B: False, Bs: -23
Event def: Time: 20211, Last time: None, Curr game status: 3, Last game status: 3

B: False, Bs: -24
Event def: Time: 20326, Last time: None, Curr game status: 2, Last game status: 3

Game is running...
B: True, Bs: -25
Event def: Time: 20401, Last time: 20326, Curr game status: 2, Last game status: 2

B: True, Bs: 1
Unpausing record...
Record running...
Event def: Time: 20473, Last time: 20401, Curr game status: 2, Last game status: 2

B: True, Bs: 2
Event def: Time: 20548, Last time: 20473, Curr game status: 2, Last game status: 2

B: True, Bs: 3
Event def: Time: 20623, Last time: 20548, Curr game status: 2, Last game status: 2

B: True, Bs: 4
Event def: Time: 20696, Last time: 20623, Curr game status: 2, Last game status: 2

B: True, Bs: 5
Event def: Time: 20768, Last time: 20696, Curr game status: 2, Last game status: 2

B: True, Bs: 6
Event def: Time: 20841, Last time: 20768, Curr game status: 2, Last game status: 2

B: True, Bs: 7
Event def: Time: 20913, Last time: 20841, Curr game status: 2, Last game status: 2

B: True, Bs: 8
Event def: Time: 20986, Last time: 20913, Curr game status: 2, Last game status: 2

B: True, Bs: 9
Event def: Time: 21068, Last time: 20986, Curr game status: 2, Last game status: 2

B: True, Bs: 10
Event def: Time: 21141, Last time: 21068, Curr game status: 2, Last game status: 2

B: True, Bs: 11
Event def: Time: 21213, Last time: 21141, Curr game status: 2, Last game status: 2

B: True, Bs: 12
Event def: Time: 21286, Last time: 21213, Curr game status: 2, Last game status: 2

B: True, Bs: 13
Event def: Time: 21358, Last time: 21286, Curr game status: 2, Last game status: 2

B: True, Bs: 14
Event def: Time: 21433, Last time: 21358, Curr game status: 2, Last game status: 2

B: True, Bs: 15
Event def: Time: 21506, Last time: 21433, Curr game status: 2, Last game status: 2

B: True, Bs: 16
Event def: Time: 21578, Last time: 21506, Curr game status: 2, Last game status: 2

B: True, Bs: 17
Event def: Time: 21651, Last time: 21578, Curr game status: 2, Last game status: 2

B: True, Bs: 18
Event def: Time: 21726, Last time: 21651, Curr game status: 2, Last game status: 2

B: True, Bs: 19
Event def: Time: 21788, Last time: 21726, Curr game status: 2, Last game status: 2

B: True, Bs: 20
Event def: Time: 21873, Last time: 21788, Curr game status: 2, Last game status: 2

B: True, Bs: 21
Event def: Time: 21933, Last time: 21873, Curr game status: 2, Last game status: 2

B: True, Bs: 22
Event def: Time: 22008, Last time: 21933, Curr game status: 2, Last game status: 2

B: True, Bs: 23
Event def: Time: 22081, Last time: 22008, Curr game status: 2, Last game status: 2

B: True, Bs: 24
Event def: Time: 22153, Last time: 22081, Curr game status: 2, Last game status: 2

B: True, Bs: 25
Event def: Time: 22228, Last time: 22153, Curr game status: 2, Last game status: 2

B: True, Bs: 26
Event def: Time: 22301, Last time: 22228, Curr game status: 2, Last game status: 2

B: True, Bs: 27
Event def: Time: 22373, Last time: 22301, Curr game status: 2, Last game status: 2

B: True, Bs: 28
Event def: Time: 22448, Last time: 22373, Curr game status: 2, Last game status: 2

B: True, Bs: 29
Event def: Time: 22521, Last time: 22448, Curr game status: 2, Last game status: 2

B: True, Bs: 30
Event def: Time: 22596, Last time: 22521, Curr game status: 2, Last game status: 2

B: True, Bs: 31
Event def: Time: 22668, Last time: 22596, Curr game status: 2, Last game status: 2

B: True, Bs: 32
Event def: Time: 22741, Last time: 22668, Curr game status: 2, Last game status: 2

B: True, Bs: 33
Event def: Time: 22813, Last time: 22741, Curr game status: 2, Last game status: 2

B: True, Bs: 34
Event def: Time: 22888, Last time: 22813, Curr game status: 2, Last game status: 2

B: True, Bs: 35
Event def: Time: 22963, Last time: 22888, Curr game status: 2, Last game status: 2

B: True, Bs: 36
Event def: Time: 23038, Last time: 22963, Curr game status: 2, Last game status: 2

B: True, Bs: 37
Event def: Time: 23113, Last time: 23038, Curr game status: 2, Last game status: 2

B: True, Bs: 38
Event def: Time: 23163, Last time: 23113, Curr game status: 3, Last game status: 2

Game is pause...
B: False, Bs: 39
Event def: Time: 23163, Last time: None, Curr game status: 3, Last game status: 3

B: False, Bs: -1
Event def: Time: 23163, Last time: None, Curr game status: 3, Last game status: 3

B: False, Bs: -2
Game is pause. Pausing recording...
Pausing record...
Record pause...
Event def: Time: 23163, Last time: None, Curr game status: 3, Last game status: 3

B: False, Bs: -3
Event def: Time: 23163, Last time: None, Curr game status: 3, Last game status: 3

B: False, Bs: -4
Event def: Time: 23163, Last time: None, Curr game status: 3, Last game status: 3

B: False, Bs: -5
Event def: Time: 23163, Last time: None, Curr game status: 3, Last game status: 3

B: False, Bs: -6
Event def: Time: 23163, Last time: None, Curr game status: 3, Last game status: 3

B: False, Bs: -7
Event def: Time: 23163, Last time: None, Curr game status: 3, Last game status: 3

B: False, Bs: -8
Event def: Time: 23163, Last time: None, Curr game status: 3, Last game status: 3

B: False, Bs: -9
Event def: Time: 23288, Last time: None, Curr game status: 2, Last game status: 3

Game is running...
B: True, Bs: -10
Event def: Time: 23358, Last time: 23288, Curr game status: 2, Last game status: 2

B: True, Bs: 1
Unpausing record...
Record running...
Event def: Time: 23441, Last time: 23358, Curr game status: 2, Last game status: 2

B: True, Bs: 2
Event def: Time: 23511, Last time: 23441, Curr game status: 2, Last game status: 2

B: True, Bs: 3
Event def: Time: 23581, Last time: 23511, Curr game status: 2, Last game status: 2

B: True, Bs: 4
Event def: Time: 23661, Last time: 23581, Curr game status: 2, Last game status: 2

B: True, Bs: 5
Event def: Time: 23731, Last time: 23661, Curr game status: 2, Last game status: 2

B: True, Bs: 6
Event def: Time: 23798, Last time: 23731, Curr game status: 2, Last game status: 2

B: True, Bs: 7
Event def: Time: 23878, Last time: 23798, Curr game status: 2, Last game status: 2

B: True, Bs: 8
Event def: Time: 23946, Last time: 23878, Curr game status: 2, Last game status: 2

B: True, Bs: 9
Event def: Time: 24026, Last time: 23946, Curr game status: 2, Last game status: 2

B: True, Bs: 10
Event def: Time: 24093, Last time: 24026, Curr game status: 2, Last game status: 2

B: True, Bs: 11
Event def: Time: 24171, Last time: 24093, Curr game status: 2, Last game status: 2

B: True, Bs: 12
Event def: Time: 24238, Last time: 24171, Curr game status: 2, Last game status: 2

B: True, Bs: 13
Event def: Time: 24316, Last time: 24238, Curr game status: 2, Last game status: 2

B: True, Bs: 14
Event def: Time: 24383, Last time: 24316, Curr game status: 2, Last game status: 2

B: True, Bs: 15
Event def: Time: 24463, Last time: 24383, Curr game status: 2, Last game status: 2

B: True, Bs: 16
Event def: Time: 24531, Last time: 24463, Curr game status: 2, Last game status: 2

B: True, Bs: 17
Event def: Time: 24608, Last time: 24531, Curr game status: 2, Last game status: 2

B: True, Bs: 18
Event def: Time: 24678, Last time: 24608, Curr game status: 2, Last game status: 2

B: True, Bs: 19
Event def: Time: 0, Last time: 24678, Curr game status: 2, Last game status: 2

B: True, Bs: 20
Event def: Time: 0, Last time: 0, Curr game status: 2, Last game status: 2

B: False, Bs: 21
Event def: Time: 0, Last time: 0, Curr game status: 2, Last game status: 2

B: False, Bs: -1
Event def: Time: 0, Last time: 0, Curr game status: 2, Last game status: 2

B: False, Bs: -2
Game is running. But maybe session does not started yet. Stoping and saving record...
Recording stoped. Renaming file.
Fname - 2026-05-09_19-41-23.mp4
File name is saved.
Name exist.
Nname - Spa-ferrari_296_gt3-35791.23.647-2026-05-09_19-41-23.mp4
Move C:\Users\pocitac\Videos/2026-05-09_19-41-23.mp4 > C:/MoTeC/Videos/Spa-ferrari_296_gt3-35791.23.647-2026-05-09_19-41-23.mp4
Can´t move file!!!
Waiting to move file...
File moved!!!
Event def: Time: 0, Last time: 0, Curr game status: 2, Last game status: 2

B: False, Bs: -3
Event def: Time: 0, Last time: 0, Curr game status: 2, Last game status: 2

B: False, Bs: -4
Event def: Time: 0, Last time: 0, Curr game status: 2, Last game status: 2

B: False, Bs: -5
Event def: Time: 0, Last time: 0, Curr game status: 2, Last game status: 2

B: False, Bs: -6
Event def: Time: 0, Last time: 0, Curr game status: 2, Last game status: 2

B: False, Bs: -7
Event def: Time: 0, Last time: 0, Curr game status: 2, Last game status: 2

B: False, Bs: -8
Event def: Time: 0, Last time: 0, Curr game status: 2, Last game status: 2

B: False, Bs: -9
Event def: Time: 0, Last time: 0, Curr game status: 2, Last game status: 2

B: False, Bs: -10
Event def: Time: 0, Last time: 0, Curr game status: 2, Last game status: 2

B: False, Bs: -11
Event def: Time: 0, Last time: 0, Curr game status: 2, Last game status: 2

B: False, Bs: -12
Event def: Time: 0, Last time: 0, Curr game status: 2, Last game status: 2

B: False, Bs: -13
Event def: Time: 0, Last time: 0, Curr game status: 2, Last game status: 2

B: False, Bs: -14
Event def: Time: 0, Last time: 0, Curr game status: 2, Last game status: 2

B: False, Bs: -15
Event def: Time: 0, Last time: 0, Curr game status: 2, Last game status: 2

B: False, Bs: -16
Event def: Time: 0, Last time: 0, Curr game status: 2, Last game status: 2

B: False, Bs: -17
Event def: Time: 0, Last time: 0, Curr game status: 2, Last game status: 2

B: False, Bs: -18
Event def: Time: 0, Last time: 0, Curr game status: 2, Last game status: 2

B: False, Bs: -19
Event def: Time: 0, Last time: 0, Curr game status: 2, Last game status: 2

B: False, Bs: -20
Event def: Time: 0, Last time: 0, Curr game status: 2, Last game status: 2

B: False, Bs: -21
Event def: Time: 0, Last time: 0, Curr game status: 2, Last game status: 2

B: False, Bs: -22
Event def: Time: 0, Last time: 0, Curr game status: 2, Last game status: 2

B: False, Bs: -23
Event def: Time: 0, Last time: 0, Curr game status: 2, Last game status: 2

B: False, Bs: -24
Event def: Time: 0, Last time: 0, Curr game status: 2, Last game status: 2

B: False, Bs: -25
Event def: Time: 0, Last time: 0, Curr game status: 2, Last game status: 2

B: False, Bs: -26
Event def: Time: 0, Last time: 0, Curr game status: 2, Last game status: 2

B: False, Bs: -27
Event def: Time: 0, Last time: 0, Curr game status: 2, Last game status: 2

B: False, Bs: -28
Event def: Time: 0, Last time: 0, Curr game status: 2, Last game status: 2

B: False, Bs: -29
Event def: Time: 0, Last time: 0, Curr game status: 2, Last game status: 2

B: False, Bs: -30
Event def: Time: 0, Last time: 0, Curr game status: 2, Last game status: 2

B: False, Bs: -31
Event def: Time: 0, Last time: 0, Curr game status: 2, Last game status: 2

B: False, Bs: -32
Event def: Time: 0, Last time: 0, Curr game status: 2, Last game status: 2

B: False, Bs: -33
Event def: Time: 0, Last time: 0, Curr game status: 2, Last game status: 2

B: False, Bs: -34
Event def: Time: 0, Last time: 0, Curr game status: 2, Last game status: 2

B: False, Bs: -35
Event def: Time: 0, Last time: 0, Curr game status: 2, Last game status: 2

B: False, Bs: -36
Event def: Time: 0, Last time: 0, Curr game status: 2, Last game status: 2

B: False, Bs: -37
Event def: Time: 0, Last time: 0, Curr game status: 2, Last game status: 2

B: False, Bs: -38
Event def: Time: 0, Last time: 0, Curr game status: 2, Last game status: 2

B: False, Bs: -39
Event def: Time: 0, Last time: 0, Curr game status: 2, Last game status: 2

B: False, Bs: -40
Event def: Time: 0, Last time: 0, Curr game status: 2, Last game status: 2

B: False, Bs: -41
Event def: Time: 0, Last time: 0, Curr game status: 2, Last game status: 2

B: False, Bs: -42
Event def: Time: 0, Last time: 0, Curr game status: 2, Last game status: 2

B: False, Bs: -43
Event def: Time: 0, Last time: 0, Curr game status: 2, Last game status: 2

B: False, Bs: -44
Event def: Time: 0, Last time: 0, Curr game status: 2, Last game status: 2

B: False, Bs: -45
Event def: Time: 0, Last time: 0, Curr game status: 2, Last game status: 2

B: False, Bs: -46
Event def: Time: 0, Last time: 0, Curr game status: 2, Last game status: 2

B: False, Bs: -47
Event def: Time: 0, Last time: 0, Curr game status: 2, Last game status: 2

B: False, Bs: -48
Event def: Time: 0, Last time: 0, Curr game status: 2, Last game status: 2

B: False, Bs: -49
Event def: Time: 0, Last time: 0, Curr game status: 2, Last game status: 2

B: False, Bs: -50
Event def: Time: 0, Last time: 0, Curr game status: 2, Last game status: 2

B: False, Bs: -51
Event def: Time: 0, Last time: 0, Curr game status: 2, Last game status: 2

B: False, Bs: -52
Event def: Time: 0, Last time: 0, Curr game status: 2, Last game status: 2

B: False, Bs: -53
Event def: Time: 0, Last time: 0, Curr game status: 2, Last game status: 2

B: False, Bs: -54
Event def: Time: 0, Last time: 0, Curr game status: 2, Last game status: 2

B: False, Bs: -55
Event def: Time: 0, Last time: 0, Curr game status: 2, Last game status: 2

B: False, Bs: -56
Event def: Time: 0, Last time: 0, Curr game status: 2, Last game status: 2

B: False, Bs: -57
Event def: Time: 0, Last time: 0, Curr game status: 2, Last game status: 2

B: False, Bs: -58
Event def: Time: 0, Last time: 0, Curr game status: 2, Last game status: 2

B: False, Bs: -59
Event def: Time: 0, Last time: 0, Curr game status: 2, Last game status: 2

B: False, Bs: -60
Event def: Time: 0, Last time: 0, Curr game status: 2, Last game status: 2

B: False, Bs: -61
Event def: Time: 0, Last time: 0, Curr game status: 2, Last game status: 2

B: False, Bs: -62
Event def: Time: 0, Last time: 0, Curr game status: 2, Last game status: 2

B: False, Bs: -63
Event def: Time: 0, Last time: 0, Curr game status: 2, Last game status: 2

B: False, Bs: -64
Event def: Time: 0, Last time: 0, Curr game status: 2, Last game status: 2

B: False, Bs: -65
Event def: Time: 0, Last time: 0, Curr game status: 2, Last game status: 2

B: False, Bs: -66
Event def: Time: 0, Last time: 0, Curr game status: 2, Last game status: 2

B: False, Bs: -67
Event def: Time: 0, Last time: 0, Curr game status: 2, Last game status: 2

B: False, Bs: -68
Event def: Time: 0, Last time: 0, Curr game status: 2, Last game status: 2

B: False, Bs: -69
Event def: Time: 0, Last time: 0, Curr game status: 2, Last game status: 2

B: False, Bs: -70
Event def: Time: 0, Last time: 0, Curr game status: 2, Last game status: 2

B: False, Bs: -71
Event def: Time: 0, Last time: 0, Curr game status: 2, Last game status: 2

B: False, Bs: -72
Event def: Time: 0, Last time: 0, Curr game status: 2, Last game status: 2

B: False, Bs: -73
Event def: Time: 0, Last time: 0, Curr game status: 2, Last game status: 2

B: False, Bs: -74
Event def: Time: 0, Last time: 0, Curr game status: 2, Last game status: 2

B: False, Bs: -75
Event def: Time: 0, Last time: 0, Curr game status: 2, Last game status: 2

B: False, Bs: -76
Event def: Time: 0, Last time: 0, Curr game status: 2, Last game status: 2

B: False, Bs: -77
Event def: Time: 0, Last time: 0, Curr game status: 2, Last game status: 2

B: False, Bs: -78
Event def: Time: 0, Last time: 0, Curr game status: 2, Last game status: 2

B: False, Bs: -79
Event def: Time: 0, Last time: 0, Curr game status: 2, Last game status: 2

B: False, Bs: -80
Event def: Time: 0, Last time: 0, Curr game status: 2, Last game status: 2

B: False, Bs: -81
Event def: Time: 0, Last time: 0, Curr game status: 2, Last game status: 2

B: False, Bs: -82
Event def: Time: 0, Last time: 0, Curr game status: 2, Last game status: 2

B: False, Bs: -83
Event def: Time: 0, Last time: 0, Curr game status: 2, Last game status: 2

B: False, Bs: -84
Event def: Time: 0, Last time: 0, Curr game status: 2, Last game status: 2

B: False, Bs: -85
Event def: Time: 0, Last time: 0, Curr game status: 2, Last game status: 2

B: False, Bs: -86
Event def: Time: 0, Last time: 0, Curr game status: 2, Last game status: 2

B: False, Bs: -87
Event def: Time: 0, Last time: 0, Curr game status: 2, Last game status: 2

B: False, Bs: -88
Event def: Time: 0, Last time: 0, Curr game status: 2, Last game status: 2

B: False, Bs: -89
Event def: Time: 0, Last time: 0, Curr game status: 2, Last game status: 2

B: False, Bs: -90
Event def: Time: 0, Last time: 0, Curr game status: 2, Last game status: 2

B: False, Bs: -91
Event def: Time: 0, Last time: 0, Curr game status: 2, Last game status: 2

B: False, Bs: -92
Event def: Time: 0, Last time: 0, Curr game status: 2, Last game status: 2

B: False, Bs: -93
Event def: Time: 0, Last time: 0, Curr game status: 2, Last game status: 2

B: False, Bs: -94
Event def: Time: 0, Last time: 0, Curr game status: 2, Last game status: 2

B: False, Bs: -95
Event def: Time: 0, Last time: 0, Curr game status: 2, Last game status: 2

B: False, Bs: -96
Event def: Time: 0, Last time: 0, Curr game status: 2, Last game status: 2

B: False, Bs: -97
Event def: Time: 0, Last time: 0, Curr game status: 2, Last game status: 2

B: False, Bs: -98
Event def: Time: 0, Last time: 0, Curr game status: 2, Last game status: 2

B: False, Bs: -99
Event def: Time: 0, Last time: 0, Curr game status: 2, Last game status: 2

B: False, Bs: -100
Event def: Time: 0, Last time: 0, Curr game status: 2, Last game status: 2

B: False, Bs: -101
Event def: Time: 0, Last time: 0, Curr game status: 2, Last game status: 2

B: False, Bs: -102
Event def: Time: 0, Last time: 0, Curr game status: 2, Last game status: 2

B: False, Bs: -103
Event def: Time: 0, Last time: 0, Curr game status: 2, Last game status: 2

B: False, Bs: -104
Event def: Time: 0, Last time: 0, Curr game status: 2, Last game status: 2

B: False, Bs: -105
Event def: Time: 0, Last time: 0, Curr game status: 2, Last game status: 2

B: False, Bs: -106
Event def: Time: 0, Last time: 0, Curr game status: 2, Last game status: 2

B: False, Bs: -107
Event def: Time: 0, Last time: 0, Curr game status: 2, Last game status: 2

B: False, Bs: -108
Event def: Time: 0, Last time: 0, Curr game status: 2, Last game status: 2

B: False, Bs: -109
Event def: Time: 0, Last time: 0, Curr game status: 2, Last game status: 2

B: False, Bs: -110
Event def: Time: 0, Last time: 0, Curr game status: 2, Last game status: 2

B: False, Bs: -111
Event def: Time: 0, Last time: 0, Curr game status: 2, Last game status: 2

B: False, Bs: -112
Event def: Time: 0, Last time: 0, Curr game status: 2, Last game status: 2

B: False, Bs: -113
Event def: Time: 0, Last time: 0, Curr game status: 2, Last game status: 2

B: False, Bs: -114
Event def: Time: 0, Last time: 0, Curr game status: 2, Last game status: 2

B: False, Bs: -115
Event def: Time: 0, Last time: 0, Curr game status: 2, Last game status: 2

B: False, Bs: -116
Event def: Time: 0, Last time: 0, Curr game status: 2, Last game status: 2

B: False, Bs: -117
Event def: Time: 0, Last time: 0, Curr game status: 2, Last game status: 2

B: False, Bs: -118
Event def: Time: 0, Last time: 0, Curr game status: 2, Last game status: 2

B: False, Bs: -119
Event def: Time: 0, Last time: 0, Curr game status: 2, Last game status: 2

B: False, Bs: -120
Event def: Time: 0, Last time: 0, Curr game status: 2, Last game status: 2

B: False, Bs: -121
Event def: Time: 0, Last time: 0, Curr game status: 2, Last game status: 2

B: False, Bs: -122
Event def: Time: 0, Last time: 0, Curr game status: 2, Last game status: 2

B: False, Bs: -123
Event def: Time: 0, Last time: 0, Curr game status: 2, Last game status: 2

B: False, Bs: -124
Event def: Time: 0, Last time: 0, Curr game status: 2, Last game status: 2

B: False, Bs: -125
Event def: Time: 0, Last time: 0, Curr game status: 2, Last game status: 2

B: False, Bs: -126
Event def: Time: 0, Last time: 0, Curr game status: 2, Last game status: 2

B: False, Bs: -127
Event def: Time: 0, Last time: 0, Curr game status: 2, Last game status: 2

B: False, Bs: -128
Event def: Time: 0, Last time: 0, Curr game status: 2, Last game status: 2

B: False, Bs: -129
Event def: Time: 0, Last time: 0, Curr game status: 2, Last game status: 2

B: False, Bs: -130
Event def: Time: 0, Last time: 0, Curr game status: 2, Last game status: 2

B: False, Bs: -131
Event def: Time: 0, Last time: 0, Curr game status: 2, Last game status: 2

B: False, Bs: -132
Event def: Time: 0, Last time: 0, Curr game status: 2, Last game status: 2

B: False, Bs: -133
Event def: Time: 0, Last time: 0, Curr game status: 2, Last game status: 2

B: False, Bs: -134
Event def: Time: 0, Last time: 0, Curr game status: 2, Last game status: 2

B: False, Bs: -135
Event def: Time: 0, Last time: 0, Curr game status: 2, Last game status: 2

B: False, Bs: -136
Event def: Time: 0, Last time: 0, Curr game status: 2, Last game status: 2

B: False, Bs: -137
Event def: Time: 0, Last time: 0, Curr game status: 2, Last game status: 2

B: False, Bs: -138
Event def: Time: 0, Last time: 0, Curr game status: 2, Last game status: 2

B: False, Bs: -139
Event def: Time: 0, Last time: 0, Curr game status: 2, Last game status: 2

B: False, Bs: -140
Event def: Time: 0, Last time: 0, Curr game status: 2, Last game status: 2

B: False, Bs: -141
Event def: Time: 0, Last time: 0, Curr game status: 2, Last game status: 2

B: False, Bs: -142
Event def: Time: 0, Last time: 0, Curr game status: 2, Last game status: 2

B: False, Bs: -143
Event def: Time: 0, Last time: 0, Curr game status: 2, Last game status: 2

B: False, Bs: -144
Event def: Time: 0, Last time: 0, Curr game status: 2, Last game status: 2

B: False, Bs: -145
Event def: Time: 0, Last time: 0, Curr game status: 2, Last game status: 2

B: False, Bs: -146
Event def: Time: 0, Last time: 0, Curr game status: 2, Last game status: 2

B: False, Bs: -147
Event def: Time: 0, Last time: 0, Curr game status: 2, Last game status: 2

B: False, Bs: -148
Event def: Time: 0, Last time: 0, Curr game status: 2, Last game status: 2

B: False, Bs: -149
Event def: Time: 0, Last time: 0, Curr game status: 2, Last game status: 2

B: False, Bs: -150
Event def: Time: 0, Last time: 0, Curr game status: 2, Last game status: 2

B: False, Bs: -151
Event def: Time: 0, Last time: 0, Curr game status: 2, Last game status: 2

B: False, Bs: -152
Event def: Time: 0, Last time: 0, Curr game status: 2, Last game status: 2

B: False, Bs: -153
Event def: Time: 0, Last time: 0, Curr game status: 2, Last game status: 2

B: False, Bs: -154
Event def: Time: 0, Last time: 0, Curr game status: 2, Last game status: 2

B: False, Bs: -155
Event def: Time: 0, Last time: 0, Curr game status: 2, Last game status: 2

B: False, Bs: -156
Event def: Time: 0, Last time: 0, Curr game status: 2, Last game status: 2

B: False, Bs: -157
Event def: Time: 0, Last time: 0, Curr game status: 2, Last game status: 2

B: False, Bs: -158
Event def: Time: 0, Last time: 0, Curr game status: 2, Last game status: 2

B: False, Bs: -159
Event def: Time: 0, Last time: 0, Curr game status: 2, Last game status: 2

B: False, Bs: -160
Event def: Time: 0, Last time: 0, Curr game status: 2, Last game status: 2

B: False, Bs: -161
Event def: Time: 0, Last time: 0, Curr game status: 2, Last game status: 2

B: False, Bs: -162
Event def: Time: 0, Last time: 0, Curr game status: 2, Last game status: 2

B: False, Bs: -163
Event def: Time: 0, Last time: 0, Curr game status: 2, Last game status: 2

B: False, Bs: -164
Event def: Time: 0, Last time: 0, Curr game status: 2, Last game status: 2

B: False, Bs: -165
Event def: Time: 0, Last time: 0, Curr game status: 2, Last game status: 2

B: False, Bs: -166
Event def: Time: 0, Last time: 0, Curr game status: 2, Last game status: 2

B: False, Bs: -167
Event def: Time: 0, Last time: 0, Curr game status: 2, Last game status: 2

B: False, Bs: -168
Event def: Time: 0, Last time: 0, Curr game status: 2, Last game status: 2

B: False, Bs: -169
Event def: Time: 0, Last time: 0, Curr game status: 2, Last game status: 2

B: False, Bs: -170
Event def: Time: 0, Last time: 0, Curr game status: 2, Last game status: 2

B: False, Bs: -171
Event def: Time: 0, Last time: 0, Curr game status: 2, Last game status: 2

B: False, Bs: -172
Event def: Time: 0, Last time: 0, Curr game status: 2, Last game status: 2

B: False, Bs: -173
Event def: Time: 0, Last time: 0, Curr game status: 2, Last game status: 2

B: False, Bs: -174
Event def: Time: 0, Last time: 0, Curr game status: 2, Last game status: 2

B: False, Bs: -175
Event def: Time: 0, Last time: 0, Curr game status: 2, Last game status: 2

B: False, Bs: -176
Event def: Time: 0, Last time: 0, Curr game status: 2, Last game status: 2

B: False, Bs: -177
Event def: Time: 0, Last time: 0, Curr game status: 2, Last game status: 2

B: False, Bs: -178
Event def: Time: 0, Last time: 0, Curr game status: 2, Last game status: 2

B: False, Bs: -179
Event def: Time: 0, Last time: 0, Curr game status: 2, Last game status: 2

B: False, Bs: -180
Event def: Time: 0, Last time: 0, Curr game status: 2, Last game status: 2

B: False, Bs: -181
Event def: Time: 0, Last time: 0, Curr game status: 2, Last game status: 2

B: False, Bs: -182
Event def: Time: 0, Last time: 0, Curr game status: 2, Last game status: 2

B: False, Bs: -183
Event def: Time: 0, Last time: 0, Curr game status: 2, Last game status: 2

B: False, Bs: -184
Event def: Time: 0, Last time: 0, Curr game status: 2, Last game status: 2

B: False, Bs: -185
Event def: Time: 0, Last time: 0, Curr game status: 2, Last game status: 2

B: False, Bs: -186
Event def: Time: 0, Last time: 0, Curr game status: 2, Last game status: 2

B: False, Bs: -187
Event def: Time: 0, Last time: 0, Curr game status: 2, Last game status: 2

B: False, Bs: -188
Event def: Time: 0, Last time: 0, Curr game status: 2, Last game status: 2

B: False, Bs: -189
Event def: Time: 0, Last time: 0, Curr game status: 2, Last game status: 2

B: False, Bs: -190
Event def: Time: 0, Last time: 0, Curr game status: 2, Last game status: 2

B: False, Bs: -191
Event def: Time: 0, Last time: 0, Curr game status: 2, Last game status: 2

B: False, Bs: -192
Event def: Time: 0, Last time: 0, Curr game status: 2, Last game status: 2

B: False, Bs: -193
Event def: Time: 0, Last time: 0, Curr game status: 2, Last game status: 2

B: False, Bs: -194
Event def: Time: 0, Last time: 0, Curr game status: 2, Last game status: 2

B: False, Bs: -195
Event def: Time: 0, Last time: 0, Curr game status: 2, Last game status: 2

B: False, Bs: -196
Event def: Time: 0, Last time: 0, Curr game status: 2, Last game status: 2

B: False, Bs: -197
Event def: Time: 0, Last time: 0, Curr game status: 2, Last game status: 2

B: False, Bs: -198
Event def: Time: 0, Last time: 0, Curr game status: 2, Last game status: 2

B: False, Bs: -199
Event def: Time: 0, Last time: 0, Curr game status: 2, Last game status: 2

B: False, Bs: -200
Event def: Time: 0, Last time: 0, Curr game status: 2, Last game status: 2

B: False, Bs: -201
Event def: Time: 0, Last time: 0, Curr game status: 2, Last game status: 2

B: False, Bs: -202
Event def: Time: 0, Last time: 0, Curr game status: 2, Last game status: 2

B: False, Bs: -203
Event def: Time: 0, Last time: 0, Curr game status: 2, Last game status: 2

B: False, Bs: -204
Event def: Time: 0, Last time: 0, Curr game status: 2, Last game status: 2

B: False, Bs: -205
Event def: Time: 0, Last time: 0, Curr game status: 2, Last game status: 2

B: False, Bs: -206
Event def: Time: 0, Last time: 0, Curr game status: 2, Last game status: 2

B: False, Bs: -207
Event def: Time: 0, Last time: 0, Curr game status: 2, Last game status: 2

B: False, Bs: -208
Event def: Time: 0, Last time: 0, Curr game status: 2, Last game status: 2

B: False, Bs: -209
Event def: Time: 0, Last time: 0, Curr game status: 2, Last game status: 2

B: False, Bs: -210
Event def: Time: 0, Last time: 0, Curr game status: 2, Last game status: 2

B: False, Bs: -211
Event def: Time: 0, Last time: 0, Curr game status: 2, Last game status: 2

B: False, Bs: -212
Event def: Time: 0, Last time: 0, Curr game status: 2, Last game status: 2

B: False, Bs: -213
Event def: Time: 0, Last time: 0, Curr game status: 2, Last game status: 2

B: False, Bs: -214
Event def: Time: 0, Last time: 0, Curr game status: 2, Last game status: 2

B: False, Bs: -215
Event def: Time: 0, Last time: 0, Curr game status: 2, Last game status: 2

B: False, Bs: -216
Event def: Time: 0, Last time: 0, Curr game status: 2, Last game status: 2

B: False, Bs: -217
Event def: Time: 0, Last time: 0, Curr game status: 2, Last game status: 2

B: False, Bs: -218
Event def: Time: 0, Last time: 0, Curr game status: 2, Last game status: 2

B: False, Bs: -219
Event def: Time: 0, Last time: 0, Curr game status: 2, Last game status: 2

B: False, Bs: -220
Event def: Time: 0, Last time: 0, Curr game status: 2, Last game status: 2

B: False, Bs: -221
Event def: Time: 0, Last time: 0, Curr game status: 2, Last game status: 2

B: False, Bs: -222
Event def: Time: 0, Last time: 0, Curr game status: 2, Last game status: 2

B: False, Bs: -223
Event def: Time: 0, Last time: 0, Curr game status: 2, Last game status: 2

B: False, Bs: -224
Event def: Time: 0, Last time: 0, Curr game status: 2, Last game status: 2

B: False, Bs: -225
Event def: Time: 0, Last time: 0, Curr game status: 2, Last game status: 2

B: False, Bs: -226
Event def: Time: 0, Last time: 0, Curr game status: 2, Last game status: 2

B: False, Bs: -227
Event def: Time: 0, Last time: 0, Curr game status: 2, Last game status: 2

B: False, Bs: -228
Event def: Time: 0, Last time: 0, Curr game status: 2, Last game status: 2

B: False, Bs: -229
Event def: Time: 0, Last time: 0, Curr game status: 2, Last game status: 2

B: False, Bs: -230
Event def: Time: 0, Last time: 0, Curr game status: 2, Last game status: 2

B: False, Bs: -231
Event def: Time: 0, Last time: 0, Curr game status: 2, Last game status: 2

B: False, Bs: -232
Event def: Time: 0, Last time: 0, Curr game status: 2, Last game status: 2

B: False, Bs: -233
Event def: Time: 0, Last time: 0, Curr game status: 2, Last game status: 2

B: False, Bs: -234
Event def: Time: 0, Last time: 0, Curr game status: 2, Last game status: 2

B: False, Bs: -235
Event def: Time: 0, Last time: 0, Curr game status: 2, Last game status: 2

B: False, Bs: -236
Event def: Time: 0, Last time: 0, Curr game status: 2, Last game status: 2

B: False, Bs: -237
Event def: Time: 0, Last time: 0, Curr game status: 2, Last game status: 2

B: False, Bs: -238
Event def: Time: 0, Last time: 0, Curr game status: 2, Last game status: 2

B: False, Bs: -239
Event def: Time: 0, Last time: 0, Curr game status: 2, Last game status: 2

B: False, Bs: -240
Event def: Time: 0, Last time: 0, Curr game status: 2, Last game status: 2

B: False, Bs: -241
Event def: Time: 0, Last time: 0, Curr game status: 2, Last game status: 2

B: False, Bs: -242
Event def: Time: 0, Last time: 0, Curr game status: 2, Last game status: 2

B: False, Bs: -243
Event def: Time: 0, Last time: 0, Curr game status: 2, Last game status: 2

B: False, Bs: -244
Event def: Time: 0, Last time: 0, Curr game status: 2, Last game status: 2

B: False, Bs: -245
Event def: Time: 0, Last time: 0, Curr game status: 2, Last game status: 2

B: False, Bs: -246
Event def: Time: 0, Last time: 0, Curr game status: 2, Last game status: 2

B: False, Bs: -247
Event def: Time: 0, Last time: 0, Curr game status: 2, Last game status: 2

B: False, Bs: -248
Event def: Time: 0, Last time: 0, Curr game status: 2, Last game status: 2

B: False, Bs: -249
Event def: Time: 0, Last time: 0, Curr game status: 2, Last game status: 2

B: False, Bs: -250
Event def: Time: 0, Last time: 0, Curr game status: 2, Last game status: 2

B: False, Bs: -251
Event def: Time: 0, Last time: 0, Curr game status: 2, Last game status: 2

B: False, Bs: -252
Event def: Time: 0, Last time: 0, Curr game status: 2, Last game status: 2

B: False, Bs: -253
Event def: Time: 0, Last time: 0, Curr game status: 2, Last game status: 2

B: False, Bs: -254
Event def: Time: 0, Last time: 0, Curr game status: 2, Last game status: 2

B: False, Bs: -255
Event def: Time: 0, Last time: 0, Curr game status: 2, Last game status: 2

B: False, Bs: -256
Event def: Time: 0, Last time: 0, Curr game status: 2, Last game status: 2

B: False, Bs: -257
Event def: Time: 0, Last time: 0, Curr game status: 2, Last game status: 2

B: False, Bs: -258
Event def: Time: 0, Last time: 0, Curr game status: 2, Last game status: 2

B: False, Bs: -259
Event def: Time: 0, Last time: 0, Curr game status: 2, Last game status: 2

B: False, Bs: -260
Event def: Time: 0, Last time: 0, Curr game status: 2, Last game status: 2

B: False, Bs: -261
Event def: Time: 0, Last time: 0, Curr game status: 2, Last game status: 2

B: False, Bs: -262
Event def: Time: 0, Last time: 0, Curr game status: 2, Last game status: 2

B: False, Bs: -263
Event def: Time: 0, Last time: 0, Curr game status: 2, Last game status: 2

B: False, Bs: -264
Event def: Time: 0, Last time: 0, Curr game status: 2, Last game status: 2

B: False, Bs: -265
Event def: Time: 0, Last time: 0, Curr game status: 2, Last game status: 2

B: False, Bs: -266
Event def: Time: 0, Last time: 0, Curr game status: 2, Last game status: 2

B: False, Bs: -267
Event def: Time: 0, Last time: 0, Curr game status: 2, Last game status: 2

B: False, Bs: -268
Event def: Time: 0, Last time: 0, Curr game status: 2, Last game status: 2

B: False, Bs: -269
Event def: Time: 0, Last time: 0, Curr game status: 2, Last game status: 2

B: False, Bs: -270
Event def: Time: 0, Last time: 0, Curr game status: 2, Last game status: 2

B: False, Bs: -271
Event def: Time: 0, Last time: 0, Curr game status: 2, Last game status: 2

B: False, Bs: -272
Event def: Time: 0, Last time: 0, Curr game status: 2, Last game status: 2

B: False, Bs: -273
Event def: Time: 0, Last time: 0, Curr game status: 2, Last game status: 2

B: False, Bs: -274
Event def: Time: 0, Last time: 0, Curr game status: 2, Last game status: 2

B: False, Bs: -275
Event def: Time: 0, Last time: 0, Curr game status: 2, Last game status: 2

B: False, Bs: -276
