Logging set to errors and basics prints...
Loading config.ini file...
Loaded config.ini file.
OBS app path set on default (C:\Program Files\obs-studio\bin\64bit)
Motec path set on default (C:/MoTeC/Videos)
Invalid logging in config: 2. Logging set on default (2)

---Config settings---
OBS pwd: AkE5MGKgeBRAF3ti
OBS port: 4455
OBS app path: C:\Program Files\obs-studio\bin\64bit
OBS output path: D:\Dokumenty D\Videa D\OBS
Motec path: C:/MoTeC/Videos
Script loop delay: 0.07Logging: 2

Starting OBS...
OBS is open.

Connecting to OBS...
Connected to OBS.

Checking if OBS is ready...
OBS isn´t ready...
Waiting to OBS...
OBS is ready to use.


Game is not running...
Game is running...
Starting recording...
Recording started.
Recording var does not match real OBS status...
Recording: True, OBS status: False
Atempt: 0
Trying to start recording...
Starting recording...
Recording started.
Recording var does not match real OBS status...
Recording: True, OBS status: False
Atempt: 1
Trying to start recording...
Starting recording...
Recording started.
Recording var does not match real OBS status...
Recording: True, OBS status: False
Atempt: 2
Trying to start recording...
Starting recording...
Recording started.
Game is pause...
Game is pause. Pausing recording...
Pausing record...
Record pause...
Game is running...
Unpausing record...
Record running...
Game is pause...
Game is pause. Pausing recording...
Pausing record...
Record pause...
Game is running...
Unpausing record...
Record running...
Game is running. But maybe session does not started yet. Stoping and saving record...
Recording stoped. Renaming file.
Fname - 2026-06-07_11-00-56.mp4
File name is saved.
Name exist.
Nname - Spa-ferrari_296_gt3-2.19.342-2026-06-07_11-00-56.mp4
Move D:\Dokumenty D\Videa D\OBS/2026-06-07_11-00-56.mp4 > C:/MoTeC/Videos/Spa-ferrari_296_gt3-2.19.342-2026-06-07_11-00-56.mp4
File moved!!!
Starting recording...
Recording started.
Recording var does not match real OBS status...
Recording: True, OBS status: False
Atempt: 0
Trying to start recording...
Starting recording...
Recording started.
Recording var does not match real OBS status...
Recording: True, OBS status: False
Atempt: 1
Trying to start recording...
Starting recording...
Recording started.
Game is running. But maybe session does not started yet. Stoping and saving record...
Recording stoped. Renaming file.
Fname - 2026-06-07_11-24-40.mp4
File name is saved.
Name exist.
Nname - Spa-ferrari_296_gt3-2.19.342-2026-06-07_11-24-40.mp4
Move D:\Dokumenty D\Videa D\OBS/2026-06-07_11-24-40.mp4 > C:/MoTeC/Videos/Spa-ferrari_296_gt3-2.19.342-2026-06-07_11-24-40.mp4
Can´t move file!!!
Waiting to move file...
Trying to move file... Time: 0.3055534362792969 / 10s
Trying to move file... Time: 0.6096060276031494 / 10s
File moved!!!
Game is in replay...
Game is pause...
Game is running...
Starting recording...
Recording started.
Recording var does not match real OBS status...
Recording: True, OBS status: False
Atempt: 0
Trying to start recording...
Starting recording...
Recording started.
Recording var does not match real OBS status...
Recording: True, OBS status: False
Atempt: 1
Trying to start recording...
Starting recording...
Recording started.
Game is pause...
Game is pause. Pausing recording...
Pausing record...
Record pause...
Game is running...
Unpausing record...
Record running...
Game is running. But maybe session does not started yet. Stoping and saving record...
Recording stoped. Renaming file.
Fname - 2026-06-07_11-29-51.mp4
File name is saved.
Name exist.
Nname - Spa-ferrari_296_gt3-2.19.342-2026-06-07_11-29-51.mp4
Move D:\Dokumenty D\Videa D\OBS/2026-06-07_11-29-51.mp4 > C:/MoTeC/Videos/Spa-ferrari_296_gt3-2.19.342-2026-06-07_11-29-51.mp4
Can´t move file!!!
Waiting to move file...
Trying to move file... Time: 14.168963193893433 / 10s
Moving file failed...
Waited 14.170463800430298 / max10s
Name: 2026-06-07_11-29-51.mp4, Nname: Spa-ferrari_296_gt3-2.19.342-2026-06-07_11-29-51.mp4
Error in run...

error_log() missing 1 required positional argument: 'string'
