Logging set to errors and basics prints...
Loading config.ini file...
Loaded config.ini file.
OBS app path set on default (C:\Program Files\obs-studio\bin\64bit)
OBS output path set on default (user videos folder)
Motec path set on default (C:/MoTeC/Videos)

---Config settings---
OBS pwd: AkE5MGKgeBRAF3ti
OBS port: 4455
OBS app path: C:\Program Files\obs-studio\bin\64bit
OBS output path: C:\Users\pocitac\Videos
Motec path: C:/MoTeC/Videos
Script loop delay: 0.07

OBS is open.

Connecting to OBS...
Connected to OBS.

Checking if OBS is ready...
OBS is ready to use.


Game is not running...
Game is running...
Starting recording...
Recording started.
Recording var does not match real OBS status...
Recording: True, OBS status: False
Atempt: 0
Trying to start recording...
Starting recording...
Recording started.
Recording var does not match real OBS status...
Recording: True, OBS status: False
Atempt: 1
Trying to start recording...
Starting recording...
Recording started.
Recording var does not match real OBS status...
Recording: True, OBS status: False
Atempt: 2
Trying to start recording...
Starting recording...
Recording started.
Game is pause...
Game is pause. Pausing recording...
Pausing record...
Record pause...
Game is running...
Unpausing record...
Record running...
Game is pause...
Game is pause. Pausing recording...
Pausing record...
Record pause...
Game is running...
Unpausing record...
Record running...
Game is pause...
Game is pause. Pausing recording...
Pausing record...
Record pause...
Game is running...
Unpausing record...
Record running...
Game is running. But maybe session does not started yet. Stoping and saving record...
Recording stoped. Renaming file.
Fname - 2026-05-09_23-03-55.mp4
File name is saved.
Name exist.
Nname - Spa-ferrari_296_gt3-35791.23.647-2026-05-09_23-03-55.mp4
Move C:\Users\pocitac\Videos/2026-05-09_23-03-55.mp4 > C:/MoTeC/Videos/Spa-ferrari_296_gt3-35791.23.647-2026-05-09_23-03-55.mp4
File moved!!!
Starting recording...
Recording started.
Recording var does not match real OBS status...
Recording: True, OBS status: False
Atempt: 0
Trying to start recording...
Starting recording...
Recording started.
Recording var does not match real OBS status...
Recording: True, OBS status: False
Atempt: 1
Trying to start recording...
Starting recording...
Recording started.
Recording var does not match real OBS status...
Recording: True, OBS status: False
Atempt: 2
Trying to start recording...
Starting recording...
Recording started.
Game is pause...
Game is pause. Pausing recording...
Pausing record...
Record pause...
Game is running...
Unpausing record...
Record running...
Game is pause...
Game is pause. Pausing recording...
Pausing record...
Record pause...
Game is running...
Unpausing record...
Record running...
Game is pause...
Game is pause. Pausing recording...
Pausing record...
Record pause...
Game is running...
Unpausing record...
Record running...
Game is pause...
Game is pause. Pausing recording...
Pausing record...
Record pause...
Game is running...
Unpausing record...
Record running...
Game is pause...
Game is pause. Pausing recording...
Pausing record...
Record pause...
Game is running...
Unpausing record...
Record running...
Game is pause...
Game is pause. Pausing recording...
Pausing record...
Record pause...
Game is running...
Unpausing record...
Record running...
Recording var does not match real OBS status...
Recording: True, OBS status: False
Atempt: 0
Trying to start recording...
Starting recording...
Recording started.
Recording var does not match real OBS status...
Recording: True, OBS status: False
Atempt: 1
Trying to start recording...
Starting recording...
Recording started.
Recording var does not match real OBS status...
Recording: True, OBS status: False
Atempt: 2
Trying to start recording...
Starting recording...
Recording started.
Recording var does not match real OBS status...
Recording: True, OBS status: False
Atempt: 3
Trying to start recording...
Starting recording...
Recording started.
Recording var does not match real OBS status...
Recording: True, OBS status: False
Atempt: 4
After 3 atemps. Stoping script...
Recording var still does not match real OBS status.
Recording: True, OBS status: False
Atempt: 4
Exiting script...
